API listening on http://localhost:4000/api
[0mPOST /api/client-auth/register [32m201[0m 130.835 ms - 356[0m
[0mPOST /api/client-auth/register [33m400[0m 2.277 ms - 102[0m
[0mPOST /api/client-auth/register [33m400[0m 0.832 ms - 102[0m
[0mPOST /api/client-auth/register [32m201[0m 71.158 ms - 305[0m
[0mPOST /api/client-auth/register [33m409[0m 64.533 ms - 72[0m
[0mPOST /api/client-auth/register [32m201[0m 67.991 ms - 359[0m
[0mPOST /api/client-auth/register [33m400[0m 0.472 ms - 102[0m
[0mPOST /api/client-auth/register [33m400[0m 0.594 ms - 102[0m
[0mPOST /api/client-auth/register [32m201[0m 70.807 ms - 305[0m
[0mGET /assets/img27.jpeg [33m404[0m 1.791 ms - 156[0m
[0mGET /assets/img31.jpeg [33m404[0m 0.372 ms - 156[0m
[0mGET /assets/img12.jpeg [33m404[0m 1.020 ms - 156[0m
[0mGET /assets/img27.jpeg [33m404[0m 0.426 ms - 156[0m
[0mGET /assets/img31.jpeg [33m404[0m 0.421 ms - 156[0m
[0mGET /assets/img12.jpeg [33m404[0m 1.167 ms - 156[0m
[0mGET /assets/img27.jpeg [33m404[0m 0.665 ms - 156[0m
[0mGET /assets/img31.jpeg [33m404[0m 0.559 ms - 156[0m
[0mGET /assets/img12.jpeg [33m404[0m 0.612 ms - 156[0m
[0mGET /api/public/business-config [32m200[0m 7.049 ms - 205[0m
[0mPOST /api/client-auth/login [32m200[0m 85.426 ms - 345[0m
[0mGET /api/client-availability?date=2026-06-16&serviceIds=1 [32m200[0m 42.489 ms - 8398[0m
[0mGET /assets/img27.jpeg [33m404[0m 0.721 ms - 156[0m
[0mGET /assets/img31.jpeg [33m404[0m 0.361 ms - 156[0m
[0mGET /assets/img12.jpeg [33m404[0m 0.635 ms - 156[0m
[0mGET /assets/img27.jpeg [33m404[0m 0.213 ms - 156[0m
[0mGET /assets/img31.jpeg [33m404[0m 0.197 ms - 156[0m
[0mGET /assets/img12.jpeg [33m404[0m 0.193 ms - 156[0m
[0mGET /api/public/business-config [32m200[0m 2.340 ms - 205[0m
[0mPOST /api/client-auth/login [32m200[0m 78.057 ms - 345[0m
[0mGET /api/client-availability?date=2026-06-16&serviceIds=1 [32m200[0m 15.146 ms - 8398[0m
[0mGET /api/public/services [32m200[0m 67.968 ms - 1256[0m
[0mGET /api/public/promotions [32m200[0m 62.269 ms - 352[0m
[0mGET /api/public/staff [32m200[0m 98.573 ms - 2096[0m
[0mGET /api/public/products [32m200[0m 91.876 ms - 2319[0m
[0mGET /api/public/staff [32m200[0m 103.046 ms - 2096[0m
[0mGET /api/public/services [32m200[0m 107.110 ms - 1256[0m
[0mGET /api/client-profile [32m200[0m 119.124 ms - 279[0m
[0mGET /api/client-albums [32m200[0m 114.971 ms - 11[0m
[0mGET /api/public/products [32m200[0m 133.716 ms - 2319[0m
[0mGET /api/client-reviews [32m200[0m 129.731 ms - 11[0m
[0mGET /api/client-reservations [32m200[0m 142.770 ms - 5025[0m
[0mGET /assets/img27.jpeg [33m404[0m 0.296 ms - 156[0m
[0mGET /assets/img31.jpeg [33m404[0m 0.312 ms - 156[0m
[0mGET /api/client-availability?date=2026-06-15&serviceIds=6 [32m200[0m 19.554 ms - 918[0m
[0mGET /assets/img27.jpeg [33m404[0m 0.259 ms - 156[0m
[0mPOST /api/public/culqi/token [32m200[0m 941.999 ms - 56[0m
[0mPOST /api/public/orders [33m400[0m 1.677 ms - 88[0m
[0mPOST /api/public/orders [33m400[0m 1.399 ms - 88[0m
[0mPOST /api/public/orders [33m400[0m 0.752 ms - 88[0m
[0mPOST /api/public/orders [33m400[0m 0.576 ms - 88[0m
[0mPOST /api/public/orders [33m400[0m 0.669 ms - 88[0m
[0mPOST /api/public/orders [33m400[0m 0.527 ms - 88[0m
[0mPOST /api/public/orders [33m400[0m 0.779 ms - 88[0m
[0mGET /api/public/promotions [32m200[0m 6.061 ms - 352[0m
[0mGET /api/public/services [32m200[0m 12.009 ms - 1256[0m
[0mGET /api/public/staff [32m200[0m 9.849 ms - 2096[0m
[0mGET /api/public/products [32m200[0m 12.513 ms - 2319[0m
[0mGET /api/public/services [32m200[0m 3.409 ms - 1256[0m
[0mGET /api/public/promotions [32m200[0m 3.530 ms - 352[0m
[0mGET /api/public/products [32m200[0m 8.314 ms - 2319[0m
[0mGET /api/public/staff [32m200[0m 9.923 ms - 2096[0m
[0mGET /api/public/services [32m200[0m 2.256 ms - 1256[0m
[0mGET /api/public/staff [32m200[0m 2.438 ms - 2096[0m
[0mGET /api/public/products [32m200[0m 2.751 ms - 2319[0m
[0mGET /api/public/promotions [32m200[0m 4.368 ms - 352[0m
[0mGET /api/public/services [32m200[0m 3.970 ms - 1256[0m
[0mGET /api/public/promotions [32m200[0m 2.750 ms - 352[0m
[0mGET /api/public/staff [32m200[0m 2.695 ms - 2096[0m
[0mGET /api/public/products [32m200[0m 2.863 ms - 2319[0m
[0mPOST /api/client-auth/login [33m401[0m 4.359 ms - 72[0m
[0mPOST /api/client-auth/login [33m401[0m 2.390 ms - 72[0m
[0mPOST /api/client-auth/login [33m401[0m 2.442 ms - 72[0m
[0mPOST /api/client-auth/login [33m401[0m 2.154 ms - 72[0m
[0mPOST /api/client-auth/login [33m401[0m 1.684 ms - 72[0m
[0mPOST /api/client-auth/login [33m401[0m 1.605 ms - 72[0m
[0mPOST /api/client-auth/login [33m401[0m 1.825 ms - 72[0m
[0mPOST /api/client-auth/login [33m401[0m 2.742 ms - 72[0m
[0mGET /api/public/products [32m200[0m 4.610 ms - 2319[0m
[0mGET /api/public/products [32m200[0m 6.052 ms - 2319[0m
[0mPOST /api/client-auth/login [32m200[0m 99.553 ms - 345[0m
[0mPOST /api/client-auth/login [32m200[0m 70.493 ms - 345[0m
[0mGET /api/client-auth/me [32m200[0m 2.785 ms - 293[0m
[0mGET /api/client-reservations [32m200[0m 7.021 ms - 1647[0m
[0mGET /api/client-reservations [32m200[0m 39.729 ms - 1647[0m
[0mGET /api/client-auth/me [32m200[0m 140.186 ms - 293[0m
[0mGET /api/client-auth/me [32m200[0m 2.093 ms - 293[0m
[0mGET /api/client-auth/me [32m200[0m 4.282 ms - 293[0m
[0mGET /api/client-reservations [32m200[0m 7.218 ms - 1647[0m
[0mGET /api/client-reservations [32m200[0m 3.905 ms - 1647[0m
[0mPOST /api/client-auth/login [32m200[0m 70.085 ms - 345[0m
[0mGET /api/client-auth/me [32m200[0m 1.793 ms - 293[0m
[0mGET /api/client-reservations [32m200[0m 2.478 ms - 1647[0m
[0mPOST /api/client-auth/login [32m200[0m 68.561 ms - 345[0m
[0mGET /api/client-auth/me [32m200[0m 1.495 ms - 293[0m
[0mGET /api/client-auth/me [32m200[0m 3.017 ms - 293[0m
[0mGET /api/client-reservations [32m200[0m 3.614 ms - 1647[0m
[0mGET /api/client-auth/me [32m200[0m 2.925 ms - 293[0m
[0mGET /api/client-reservations [32m200[0m 2.177 ms - 1647[0m
[0mGET /api/public/products [32m200[0m 5.983 ms - 2319[0m
[0mGET /api/public/products [32m200[0m 5.292 ms - 2319[0m
[0mGET /api/client-auth/me [32m200[0m 2.693 ms - 293[0m
[0mPOST /api/client-auth/login [32m200[0m 111.128 ms - 319[0m
[0mGET /api/client-reservations [32m200[0m 8.227 ms - 5025[0m
[0mGET /api/client-reservations [32m200[0m 3.282 ms - 5025[0m
[0mGET /api/client-auth/me [32m200[0m 36.906 ms - 279[0m
[0mGET /api/client-auth/me [32m200[0m 146.669 ms - 279[0m
[0mGET /api/public/services [32m200[0m 4.718 ms - 1256[0m
[0mGET /api/public/services [32m200[0m 4.464 ms - 1256[0m
[0mGET /api/public/staff [32m200[0m 4.287 ms - 2096[0m
[0mGET /api/public/staff [32m200[0m 4.180 ms - 2096[0m
[0mGET /api/public/staff [32m200[0m 1.837 ms - 2096[0m
[0mGET /api/public/staff [32m200[0m 1.886 ms - 2096[0m
[0mGET /api/public/availability?date=2026-06-15&serviceIds=6&staffId=3 [32m200[0m 12.967 ms - 918[0m
[0mGET /api/public/availability?date=2026-06-15&serviceIds=6&staffId=3 [32m200[0m 14.083 ms - 918[0m
[0mGET /api/public/services [32m200[0m 2.020 ms - 1256[0m
[0mGET /api/public/services [32m200[0m 2.122 ms - 1256[0m
[0mPOST /api/client-reservations [32m201[0m 16.965 ms - 417[0m
[0mGET /api/client-reservations [32m200[0m 7.040 ms - 5434[0m
[0mGET /api/public/business-config [32m200[0m 5.231 ms - 205[0m
[0mGET /api/client-auth/me [32m200[0m 5.225 ms - 279[0m
[0mGET /api/client-reservations [32m200[0m 6.334 ms - 5434[0m
[0mGET /api/public/business-config [32m200[0m 3.992 ms - 205[0m
[0mGET /api/client-auth/me [32m200[0m 2.731 ms - 279[0m
[0mPOST /api/public/culqi/token [32m200[0m 726.957 ms - 56[0m
[0mPOST /api/client-reservations/22/payments [32m201[0m 1461.267 ms - 2098[0m
[0mGET /api/client-auth/me [32m200[0m 6.082 ms - 279[0m
[0mGET /api/client-reservations [32m200[0m 5.785 ms - 5426[0m
[0mGET /api/client-auth/me [32m200[0m 3.087 ms - 279[0m
[0mGET /api/client-reservations [32m200[0m 2.636 ms - 5426[0m
[0mGET /api/clients [32m200[0m 6.084 ms - 6618[0m
[0mGET /api/clients [32m200[0m 2.473 ms - 6618[0m
[0mGET /api/client-auth/me [32m200[0m 2.567 ms - 279[0m
[0mGET /api/public/products [32m200[0m 6.196 ms - 2319[0m
[0mGET /api/client-auth/me [32m200[0m 2.467 ms - 279[0m
[0mGET /api/public/products [32m200[0m 6.508 ms - 2319[0m
[0mGET /api/public/services [32m200[0m 2.944 ms - 1256[0m
[0mGET /api/public/staff [32m200[0m 3.986 ms - 2096[0m
[0mGET /api/public/promotions [32m200[0m 5.603 ms - 352[0m
[0mGET /api/public/products [32m200[0m 3.387 ms - 2319[0m
[0mGET /api/public/services [32m200[0m 2.587 ms - 1256[0m
[0mGET /api/public/staff [32m200[0m 2.283 ms - 2096[0m
[0mGET /api/public/promotions [32m200[0m 3.517 ms - 352[0m
[0mGET /api/public/products [32m200[0m 3.043 ms - 2319[0m
[0mGET /api/public/services [32m200[0m 1.724 ms - 1256[0m
[0mGET /api/public/services [32m200[0m 5.767 ms - 1256[0m
[0mGET /api/public/products [32m200[0m 3.570 ms - 2319[0m
[0mGET /api/client-auth/me [32m200[0m 3.995 ms - 279[0m
[0mGET /api/public/products [32m200[0m 3.834 ms - 2319[0m
[0mGET /api/client-auth/me [32m200[0m 2.479 ms - 279[0m
[0mGET /api/public/products [32m200[0m 2.651 ms - 2319[0m
[0mGET /api/public/products [32m200[0m 2.371 ms - 2319[0m
[0mGET /assets/img27.jpeg [33m404[0m 0.284 ms - 156[0m
[0mGET /assets/img31.jpeg [33m404[0m 0.405 ms - 156[0m
[0mGET /api/public/products [32m200[0m 2.699 ms - 2319[0m
[0mGET /api/public/products [32m200[0m 2.077 ms - 2319[0m
[0mGET /api/client-auth/me [32m200[0m 2.585 ms - 293[0m
[0mGET /api/public/products [32m200[0m 2.336 ms - 2319[0m
[0mGET /api/public/products [32m200[0m 1.723 ms - 2319[0m
[0mGET /api/client-auth/me [32m200[0m 2.546 ms - 293[0m
[0mGET /api/public/products [32m200[0m 1.575 ms - 2319[0m
[0mGET /assets/img27.jpeg [33m404[0m 0.313 ms - 156[0m
[0mGET /assets/img31.jpeg [33m404[0m 0.143 ms - 156[0m
[0mGET /api/public/products [32m200[0m 2.042 ms - 2319[0m
[0mGET /api/public/products [32m200[0m 2.160 ms - 2319[0m
[0mGET /assets/img27.jpeg [33m404[0m 0.692 ms - 156[0m
[0mGET /assets/img31.jpeg [33m404[0m 0.392 ms - 156[0m
[0mGET /assets/img27.jpeg [33m404[0m 0.316 ms - 156[0m
[0mGET /assets/img31.jpeg [33m404[0m 0.270 ms - 156[0m
[0mGET /api/services [32m200[0m 90.695 ms - 1345[0m
[0mGET /api/clients [32m200[0m 91.160 ms - 6618[0m
[0mGET /api/clients [32m200[0m 6.066 ms - 6618[0m
[0mGET /api/reservations?from=2026-06-15&to=2026-06-15 [32m200[0m 8.199 ms - 2331[0m
[0mGET /api/staff [32m200[0m 110.392 ms - 758[0m
[0mGET /api/reservations?from=2026-06-15&to=2026-06-15 [32m200[0m 120.893 ms - 2331[0m
[0mGET /api/services [32m200[0m 114.304 ms - 1345[0m
[0mGET /api/staff [32m200[0m 112.745 ms - 758[0m
[0mGET /api/staff [32m200[0m 10.131 ms - 758[0m
[0mGET /api/services [32m200[0m 9.315 ms - 1345[0m
[0mGET /api/staff [32m200[0m 4.626 ms - 758[0m
[0mGET /api/services [32m200[0m 3.434 ms - 1345[0m
[0mGET /api/reservations [32m200[0m 12.786 ms - 14007[0m
[0mGET /api/reservations [32m200[0m 8.357 ms - 14007[0m
[0mGET /api/metrics/summary [32m200[0m 14.193 ms - 3872[0m
[0mGET /api/metrics/summary [32m200[0m 10.126 ms - 3872[0m
[0mGET /api/public/products [32m200[0m 6.607 ms - 2319[0m
[0mGET /api/public/products [32m200[0m 3.979 ms - 2319[0m
[0mGET /api/client-auth/me [32m200[0m 4.077 ms - 293[0m
[0mGET /api/staff [32m200[0m 8.431 ms - 758[0m
[0mGET /api/reservations [32m200[0m 6.456 ms - 14007[0m
[0mGET /api/services [32m200[0m 7.741 ms - 1345[0m
[0mGET /api/services [32m200[0m 4.361 ms - 1345[0m
[0mGET /api/staff [32m200[0m 6.345 ms - 758[0m
[0mGET /api/reservations [32m200[0m 3.959 ms - 14007[0m
[0mGET /api/services [32m200[0m 3.120 ms - 1345[0m
[0mGET /api/clients [32m200[0m 5.105 ms - 6618[0m
[0mGET /api/reservations?from=2026-06-15&to=2026-06-15 [32m200[0m 6.818 ms - 2331[0m
[0mGET /api/services [32m200[0m 4.067 ms - 1345[0m
[0mGET /api/staff [32m200[0m 8.704 ms - 758[0m
[0mGET /api/clients [32m200[0m 4.495 ms - 6618[0m
[0mGET /api/staff [32m200[0m 4.170 ms - 758[0m
[0mGET /api/reservations?from=2026-06-15&to=2026-06-15 [32m200[0m 3.636 ms - 2331[0m
[0mPATCH /api/reservations/17 [32m200[0m 7.392 ms - 230[0m
[0mGET /api/clients [32m200[0m 2.615 ms - 6618[0m
[0mGET /api/clients [32m200[0m 1.827 ms - 6618[0m
[0mGET /api/roles [32m200[0m 4.736 ms - 90[0m
[0mGET /api/users [32m200[0m 7.269 ms - 273[0m
[0mGET /api/roles [32m200[0m 2.355 ms - 90[0m
[0mGET /api/users [32m200[0m 3.714 ms - 273[0m
[0mGET /api/services [32m200[0m 2.831 ms - 1345[0m
[0mGET /api/services [32m200[0m 2.942 ms - 1345[0m
[0mGET /api/promotions [32m200[0m 7.828 ms - 635[0m
[0mGET /api/promotions [32m200[0m 5.512 ms - 635[0m
[0mGET /api/services [32m200[0m 1.412 ms - 1345[0m
[0mGET /api/services [32m200[0m 3.299 ms - 1345[0m
[0mGET /api/clients [32m200[0m 4.211 ms - 6618[0m
[0mGET /api/reviews [32m200[0m 6.412 ms - 100[0m
[0mGET /api/reviews [32m200[0m 3.790 ms - 100[0m
[0mGET /api/clients [32m200[0m 2.652 ms - 6618[0m
[0mGET /api/public/products [32m200[0m 52.628 ms - 2319[0m
[0mGET /api/public/products [32m200[0m 50.483 ms - 2319[0m
[0mGET /api/client-auth/me [32m200[0m 40.507 ms - 279[0m
